C51 COMPILER V8.01   IO_06_VASILENKO                                                       10/11/2013 11:24:21 PAGE 1   


C51 COMPILER V8.01, COMPILATION OF MODULE IO_06_VASILENKO
OBJECT MODULE PLACED IN IO_06_Vasilenko.OBJ
COMPILER INVOKED BY: C:\Program Files\Keil3\C51\BIN\C51.EXE IO_06_Vasilenko.c BROWSE DEBUG OBJECTEXTEND TABS(2)

line level    source

   1          //======================================================================================
   2          //  IO_06          Port Kommunikation                                                                     
             -    
   3          //  Name: Jurij          Vorname: Vasilenko         Klasse: ITAM2     Datum: 9. Okt 2013                  
             -                  
   4          //======================================================================================
   5          //******************************* Quelltextdateien *************************************
   6          #include <Reg515c.h>            // Definition der Port-Bytes usw.
   7          //********************************** Konstanten ****************************************
   8          sbit P4_0 = P4^0;
   9          //****************************** Funktionsdeklarationen ********************************
  10          void main(void);
  11          //******************************** Hauptprogramm ***************************************
  12          void main(void)
  13          {
  14   1        unsigned char temp=0,temp2,taster,mem;  // Variablendeklaration
  15   1        while(1)  // Endlosschleife
  16   1        {
  17   2          taster=P3;  // P3 auf taster speichern
  18   2          if(taster==0xFB)  // Prüfen: P3.2 gedrückt/nicht gedrückt
  19   2          {
  20   3            P4_0=0;  // LED 4.0 an
  21   3            temp=1;  // Temporäre Variable für P3.2 auf 1 setzen
  22   3            mem=0;  // Zwischenspeicher für Taster auf 0 setzen
  23   3          }
  24   2          if(taster==0xF7)  // Prüfen: P3.3 gedrückt/nicht gedrückt
  25   2          {
  26   3            P4_0=1;  // LED 4.0 aus
  27   3            temp=0;  // Temporäre Variable für P3.3 auf 0 setzen 
  28   3            mem=0;  // Zwischenspeicher für Taster auf 0 setzten
  29   3          }
  30   2          if(mem==0)  // Prüfen: Zwischenspeicher auf 0 
  31   2          {
  32   3            if(taster==0xEF)  // Prüfen: P3.4 gedrückt/nicht gedrückt
  33   3            {
  34   4              mem=1;  // Zwischenspeicher auf 1 setzen
  35   4              if(temp==0)  // Prüfen: Temporäre Variable auf 0
  36   4              {
  37   5                temp2=0;
  38   5                P4_0=temp2;  // LED 4.0 an
  39   5                temp=1;  // Temporäre Variable auf 1 setzen  
  40   5              }
  41   4              else
  42   4              {
  43   5                temp2=1;
  44   5                P4_0=temp2;  // LED 4.0 aus
  45   5                temp=0;  // Temporäre Variable auf 0 setzen
  46   5              }
  47   4            }
  48   3          }
  49   2          if(taster==0xFF)  // Prüfen ob einer der Taster gedrückt/nicht gedrückt ist
  50   2          {
  51   3            mem=0;  // Zwischenspeicher auf 0 setzen
  52   3          }
  53   2        }
C51 COMPILER V8.01   IO_06_VASILENKO                                                       10/11/2013 11:24:21 PAGE 2   

  54   1      }


MODULE INFORMATION:   STATIC OVERLAYABLE
   CODE SIZE        =     57    ----
   CONSTANT SIZE    =   ----    ----
   XDATA SIZE       =   ----    ----
   PDATA SIZE       =   ----    ----
   DATA SIZE        =   ----    ----
   IDATA SIZE       =   ----    ----
   BIT SIZE         =   ----    ----
END OF MODULE INFORMATION.


C51 COMPILATION COMPLETE.  0 WARNING(S),  0 ERROR(S)
