C51 COMPILER V8.01   IO_01                                                                 09/13/2013 11:37:19 PAGE 1   


C51 COMPILER V8.01, COMPILATION OF MODULE IO_01
OBJECT MODULE PLACED IN IO_01.OBJ
COMPILER INVOKED BY: C:\Program Files\Keil3\C51\BIN\C51.EXE IO_01.c BROWSE DEBUG OBJECTEXTEND TABS(8)

line level    source

   1          /*
   2                  IO_01           Port Kommunikation
   3                  Jurij Vasilenko
   4                  ITA M2
   5                  6 September 2013
   6          */
   7          
   8          //========== Quelltextdatein ===========
   9          #include <Reg515c.h>
  10          //========== Funktionsdeklaration ======
  11          void main(void);
  12          //========== Variablendeklaration ======
  13          unsigned char temp1, temp2;
  14          //========== Hauptprogramm =============
  15          void main(void)
  16          {
  17   1        while(1)
  18   1          {
  19   2           temp1=P3&0x3C;  // P3 auf temp1 einlesen (00yyyy00)
  20   2           temp2=P4&0xC3;  // P4 auf temp2 einlesen (xx0000xx)
  21   2           P4=temp1|temp2; // xxyyyyxx an P4 legen
  22   2          }
  23   1      }


MODULE INFORMATION:   STATIC OVERLAYABLE
   CODE SIZE        =     18    ----
   CONSTANT SIZE    =   ----    ----
   XDATA SIZE       =   ----    ----
   PDATA SIZE       =   ----    ----
   DATA SIZE        =      2    ----
   IDATA SIZE       =   ----    ----
   BIT SIZE         =   ----    ----
END OF MODULE INFORMATION.


C51 COMPILATION COMPLETE.  0 WARNING(S),  0 ERROR(S)
