C51 COMPILER V8.01   IO_02_VASILENKO                                                       09/18/2013 09:59:26 PAGE 1   


C51 COMPILER V8.01, COMPILATION OF MODULE IO_02_VASILENKO
OBJECT MODULE PLACED IN IO_02_Vasilenko.OBJ
COMPILER INVOKED BY: C:\Program Files\Keil3\C51\BIN\C51.EXE IO_02_Vasilenko.c BROWSE DEBUG OBJECTEXTEND TABS(8)

line level    source

   1          /*
   2                  IO_02           Port Kommunikation
   3                  Jurij Vasilenko
   4                  ITA M2
   5                  13 September 2013
   6          */
   7          
   8          //========== Quelltextdatein ===========
   9          #include <Reg515c.h>
  10          //========== Funktionsdeklaration ======
  11          void main(void);
  12          //========== Variablendeklaration ======
  13          unsigned char temp, maske;
  14          //========== Hauptprogramm =============
  15          void main(void)
  16          {
  17   1         while(1)
  18   1           {
  19   2             temp=P3;  // P3 auf temp einlesen.
  20   2             maske=P4;  // P4 auf maske einlesen.
  21   2             if((temp&0x20) == 0)  // P3.5 programmierung (Low Nibble AN)
  22   2                maske=maske&0x0F;
  23   2             if((temp&0x10) == 0)  // P3.4 programmierung (High Nibble AN)
  24   2                maske=maske&0xF0;
  25   2             if((temp&0x08) == 0)  // P3.3 programmierung (alles AUS)
  26   2                maske=maske|0xFF;
  27   2             if((temp&0x04) == 0)  // P3.2 programmierung (alles AN)
  28   2                maske=maske&0x00;
  29   2             P4=maske;
  30   2           }
  31   1      }


MODULE INFORMATION:   STATIC OVERLAYABLE
   CODE SIZE        =     43    ----
   CONSTANT SIZE    =   ----    ----
   XDATA SIZE       =   ----    ----
   PDATA SIZE       =   ----    ----
   DATA SIZE        =      2    ----
   IDATA SIZE       =   ----    ----
   BIT SIZE         =   ----    ----
END OF MODULE INFORMATION.


C51 COMPILATION COMPLETE.  0 WARNING(S),  0 ERROR(S)
