C51 COMPILER V8.01   IO_07_VASILENKO                                                       10/11/2013 12:22:07 PAGE 1   


C51 COMPILER V8.01, COMPILATION OF MODULE IO_07_VASILENKO
OBJECT MODULE PLACED IN IO_07_Vasilenko.OBJ
COMPILER INVOKED BY: C:\Program Files\Keil3\C51\BIN\C51.EXE IO_07_Vasilenko.c BROWSE DEBUG OBJECTEXTEND TABS(2)

line level    source

   1          //======================================================================================
   2          //  IO_07          Port Kommunikation                                                   
   3          //  Name: Jurij          Vorname: Vasilenko         Klasse: ITAM2     Datum: 9. Okt 2013                  
             -     
   4          //======================================================================================
   5          //******************************* Quelltextdateien *************************************
   6          #include <Reg515c.h>            // Definition der Port-Bytes usw.
   7          //********************************** Konstanten ****************************************
   8          sbit P4_0 = P4^0;
   9          sbit P4_1 = P4^1;
  10          sbit P4_2 = P4^2;
  11          sbit blau = P3^2;
  12          sbit rot = P3^3;
  13          sbit swr = P3^4;
  14          sbit swl = P3^5;
  15          //****************************** Funktionsdeklarationen ********************************
  16          void main(void);
  17          void wait(unsigned char ms);
  18          //******************************** Hauptprogramm ***************************************
  19          void main(void)
  20          {
  21   1        while(1)
  22   1        {
  23   2          unsigned char step=0;  // Variablendeklaration
  24   2      
  25   2          if((swl== 0) && (swr == 0) && (rot == 0))  // Pruefen: SWL, SWR & ROT gedrueckt
  26   2          {
  27   3            if(swl== 0 && step == 0)
  28   3            {
  29   4              P4_0=0;
  30   4              step=1;
  31   4            }
  32   3            wait(900);
  33   3            if(swr == 0 && step == 1)
  34   3            {
  35   4              P4_1=0;
  36   4              step=2;
  37   4            }
  38   3            wait(900);
  39   3            if(rot == 0 && step == 2)
  40   3            {
  41   4              P4_2=0;
  42   4            }
  43   3          }
  44   2          if(blau == 0)
  45   2          {
  46   3            if(P4_0 == 0)
  47   3              P4_0=1;
  48   3            if(P4_1 == 0)
  49   3              P4_1=1;
  50   3            if(P4_2 == 0)
  51   3              P4_2=1;
  52   3          }
  53   2        }
  54   1      }
C51 COMPILER V8.01   IO_07_VASILENKO                                                       10/11/2013 12:22:07 PAGE 2   

  55          //***************************** F u n k t i o n e n ************************************
  56          void wait(unsigned char ms)
  57          {
  58   1        unsigned int t;
  59   1        
  60   1        while(ms>0)
  61   1          {
  62   2          for(t=210; t>0; t--);
  63   2          ms--;
  64   2        }
  65   1      }


MODULE INFORMATION:   STATIC OVERLAYABLE
   CODE SIZE        =    100    ----
   CONSTANT SIZE    =   ----    ----
   XDATA SIZE       =   ----    ----
   PDATA SIZE       =   ----    ----
   DATA SIZE        =   ----       1
   IDATA SIZE       =   ----    ----
   BIT SIZE         =   ----    ----
END OF MODULE INFORMATION.


C51 COMPILATION COMPLETE.  0 WARNING(S),  0 ERROR(S)
